// Jest Snapshot v1, https://goo.gl/fbAQLP

exports[`Should test ExpenseListItem if data provided 1`] = `
<div>
  <Link
    to="/edit/1"
  >
    <h3>
      Rent
    </h3>
  </Link>
  <p>
    195000
     -- 
    -345600000
  </p>
</div>
`;
