// Jest Snapshot v1, https://goo.gl/fbAQLP

exports[`should render Header correctly 1`] = `
<header>
  <h1>
    Expensify
  </h1>
  <div>
    <NavLink
      activeClassName="is-active"
      exact={true}
      to="/"
    >
      Dashboard
    </NavLink>
    <br />
    <NavLink
      activeClassName="is-active"
      to="/create"
    >
      Create Expense
    </NavLink>
    <br />
  </div>
</header>
`;
