// Jest Snapshot v1, https://goo.gl/fbAQLP

exports[`Should test login page correctly 1`] = `
<div>
  <button
    onClick={[Function]}
  >
    Login 
  </button>
</div>
`;
